Grammar

    0 $accept: program $end

    1 program: block "."

    2 block: "begin" constDecls varDecls procDecls stmts "end"

    3 constDecls: empty
    4           | constDecls constDecl

    5 constDecl: "const" constDefList ";"

    6 constDefList: constDef
    7             | constDefList "," constDef

    8 constDef: identsym "=" numbersym

    9 varDecls: empty
   10         | varDecls varDecl ";"

   11 varDecl: "var" identList

   12 identList: identsym
   13          | identList "," identsym

   14 procDecls: empty
   15          | procDecls procDecl

   16 procDecl: "proc" identsym block ";"

   17 stmts: empty
   18      | stmtList

   19 empty: ε

   20 stmtList: stmt
   21         | stmtList ";" stmt

   22 stmt: assignStmt
   23     | callStmt
   24     | ifStmt
   25     | whileStmt
   26     | readStmt
   27     | printStmt
   28     | blockStmt

   29 assignStmt: identsym ":=" expr

   30 callStmt: "call" identsym

   31 ifStmt: "if" condition "then" stmts "else" stmts "end"
   32       | "if" condition "then" stmts "end"

   33 whileStmt: "while" condition "do" stmts "end"

   34 readStmt: "read" identsym

   35 printStmt: "print" expr

   36 blockStmt: block

   37 condition: dbCondition
   38          | relOpCondition

   39 dbCondition: "divisible" expr "by" expr

   40 relOpCondition: expr relOp expr

   41 relOp: "=="
   42      | "!="
   43      | ">"
   44      | ">="
   45      | "<"
   46      | "<="

   47 expr: term
   48     | expr "+" term
   49     | expr "-" term

   50 term: factor
   51     | term "*" factor
   52     | term "/" factor

   53 factor: identsym
   54       | numbersym
   55       | "-" factor
   56       | "(" expr ")"


Terminals, with rules where they appear

    $end (0) 0
    error (256)
    identsym <ident> (258) 8 12 13 16 29 30 34 53
    numbersym <number> (259) 8 54
    "+" <token> (260) 48
    "-" <token> (261) 49 55
    "*" <token> (262) 51
    "/" <token> (263) 52
    "." <token> (264) 1
    ";" <token> (265) 5 10 16 21
    "=" <token> (266) 8
    "," <token> (267) 7 13
    ":=" <token> (268) 29
    "(" <token> (269) 56
    ")" <token> (270) 56
    "const" <token> (271) 5
    "var" <token> (272) 11
    "proc" <token> (273) 16
    "call" <token> (274) 30
    "begin" <token> (275) 2
    "end" <token> (276) 2 31 32 33
    "if" <token> (277) 31 32
    "then" <token> (278) 31 32
    "else" <token> (279) 31
    "while" <token> (280) 33
    "do" <token> (281) 33
    "read" <token> (282) 34
    "print" <token> (283) 35
    "divisible" <token> (284) 39
    "by" <token> (285) 39
    "==" <token> (286) 41
    "!=" <token> (287) 42
    "<" <token> (288) 45
    "<=" <token> (289) 46
    ">" <token> (290) 43
    ">=" <token> (291) 44


Nonterminals, with rules where they appear

    $accept (37)
        on left: 0
    program <block> (38)
        on left: 1
        on right: 0
    block <block> (39)
        on left: 2
        on right: 1 16 36
    constDecls <const_decls> (40)
        on left: 3 4
        on right: 2 4
    constDecl <const_decl> (41)
        on left: 5
        on right: 4
    constDefList <const_def_list> (42)
        on left: 6 7
        on right: 5 7
    constDef <const_def> (43)
        on left: 8
        on right: 6 7
    varDecls <var_decls> (44)
        on left: 9 10
        on right: 2 10
    varDecl <var_decl> (45)
        on left: 11
        on right: 10
    identList <ident_list> (46)
        on left: 12 13
        on right: 11 13
    procDecls <proc_decls> (47)
        on left: 14 15
        on right: 2 15
    procDecl <proc_decl> (48)
        on left: 16
        on right: 15
    stmts <stmts> (49)
        on left: 17 18
        on right: 2 31 32 33
    empty <empty> (50)
        on left: 19
        on right: 3 9 14 17
    stmtList <stmt_list> (51)
        on left: 20 21
        on right: 18 21
    stmt <stmt> (52)
        on left: 22 23 24 25 26 27 28
        on right: 20 21
    assignStmt <assign_stmt> (53)
        on left: 29
        on right: 22
    callStmt <call_stmt> (54)
        on left: 30
        on right: 23
    ifStmt <if_stmt> (55)
        on left: 31 32
        on right: 24
    whileStmt <while_stmt> (56)
        on left: 33
        on right: 25
    readStmt <read_stmt> (57)
        on left: 34
        on right: 26
    printStmt <print_stmt> (58)
        on left: 35
        on right: 27
    blockStmt <block_stmt> (59)
        on left: 36
        on right: 28
    condition <condition> (60)
        on left: 37 38
        on right: 31 32 33
    dbCondition <db_condition> (61)
        on left: 39
        on right: 37
    relOpCondition <rel_op_condition> (62)
        on left: 40
        on right: 38
    relOp <token> (63)
        on left: 41 42 43 44 45 46
        on right: 40
    expr <expr> (64)
        on left: 47 48 49
        on right: 29 35 39 40 48 49 56
    term <expr> (65)
        on left: 50 51 52
        on right: 47 48 49 51 52
    factor <expr> (66)
        on left: 53 54 55 56
        on right: 50 51 52 55


State 0

    0 $accept: • program $end

    "begin"  shift, and go to state 1

    program  go to state 2
    block    go to state 3


State 1

    2 block: "begin" • constDecls varDecls procDecls stmts "end"

    $default  reduce using rule 19 (empty)

    constDecls  go to state 4
    empty       go to state 5


State 2

    0 $accept: program • $end

    $end  shift, and go to state 6


State 3

    1 program: block • "."

    "."  shift, and go to state 7


State 4

    2 block: "begin" constDecls • varDecls procDecls stmts "end"
    4 constDecls: constDecls • constDecl

    "const"  shift, and go to state 8

    $default  reduce using rule 19 (empty)

    constDecl  go to state 9
    varDecls   go to state 10
    empty      go to state 11


State 5

    3 constDecls: empty •

    $default  reduce using rule 3 (constDecls)


State 6

    0 $accept: program $end •

    $default  accept


State 7

    1 program: block "." •

    $default  reduce using rule 1 (program)


State 8

    5 constDecl: "const" • constDefList ";"

    identsym  shift, and go to state 12

    constDefList  go to state 13
    constDef      go to state 14


State 9

    4 constDecls: constDecls constDecl •

    $default  reduce using rule 4 (constDecls)


State 10

    2 block: "begin" constDecls varDecls • procDecls stmts "end"
   10 varDecls: varDecls • varDecl ";"

    "var"  shift, and go to state 15

    $default  reduce using rule 19 (empty)

    varDecl    go to state 16
    procDecls  go to state 17
    empty      go to state 18


State 11

    9 varDecls: empty •

    $default  reduce using rule 9 (varDecls)


State 12

    8 constDef: identsym • "=" numbersym

    "="  shift, and go to state 19


State 13

    5 constDecl: "const" constDefList • ";"
    7 constDefList: constDefList • "," constDef

    ";"  shift, and go to state 20
    ","  shift, and go to state 21


State 14

    6 constDefList: constDef •

    $default  reduce using rule 6 (constDefList)


State 15

   11 varDecl: "var" • identList

    identsym  shift, and go to state 22

    identList  go to state 23


State 16

   10 varDecls: varDecls varDecl • ";"

    ";"  shift, and go to state 24


State 17

    2 block: "begin" constDecls varDecls procDecls • stmts "end"
   15 procDecls: procDecls • procDecl

    identsym  shift, and go to state 25
    "proc"    shift, and go to state 26
    "call"    shift, and go to state 27
    "begin"   shift, and go to state 1
    "if"      shift, and go to state 28
    "while"   shift, and go to state 29
    "read"    shift, and go to state 30
    "print"   shift, and go to state 31

    $default  reduce using rule 19 (empty)

    block       go to state 32
    procDecl    go to state 33
    stmts       go to state 34
    empty       go to state 35
    stmtList    go to state 36
    stmt        go to state 37
    assignStmt  go to state 38
    callStmt    go to state 39
    ifStmt      go to state 40
    whileStmt   go to state 41
    readStmt    go to state 42
    printStmt   go to state 43
    blockStmt   go to state 44


State 18

   14 procDecls: empty •

    $default  reduce using rule 14 (procDecls)


State 19

    8 constDef: identsym "=" • numbersym

    numbersym  shift, and go to state 45


State 20

    5 constDecl: "const" constDefList ";" •

    $default  reduce using rule 5 (constDecl)


State 21

    7 constDefList: constDefList "," • constDef

    identsym  shift, and go to state 12

    constDef  go to state 46


State 22

   12 identList: identsym •

    $default  reduce using rule 12 (identList)


State 23

   11 varDecl: "var" identList •
   13 identList: identList • "," identsym

    ","  shift, and go to state 47

    $default  reduce using rule 11 (varDecl)


State 24

   10 varDecls: varDecls varDecl ";" •

    $default  reduce using rule 10 (varDecls)


State 25

   29 assignStmt: identsym • ":=" expr

    ":="  shift, and go to state 48


State 26

   16 procDecl: "proc" • identsym block ";"

    identsym  shift, and go to state 49


State 27

   30 callStmt: "call" • identsym

    identsym  shift, and go to state 50


State 28

   31 ifStmt: "if" • condition "then" stmts "else" stmts "end"
   32       | "if" • condition "then" stmts "end"

    identsym     shift, and go to state 51
    numbersym    shift, and go to state 52
    "-"          shift, and go to state 53
    "("          shift, and go to state 54
    "divisible"  shift, and go to state 55

    condition       go to state 56
    dbCondition     go to state 57
    relOpCondition  go to state 58
    expr            go to state 59
    term            go to state 60
    factor          go to state 61


State 29

   33 whileStmt: "while" • condition "do" stmts "end"

    identsym     shift, and go to state 51
    numbersym    shift, and go to state 52
    "-"          shift, and go to state 53
    "("          shift, and go to state 54
    "divisible"  shift, and go to state 55

    condition       go to state 62
    dbCondition     go to state 57
    relOpCondition  go to state 58
    expr            go to state 59
    term            go to state 60
    factor          go to state 61


State 30

   34 readStmt: "read" • identsym

    identsym  shift, and go to state 63


State 31

   35 printStmt: "print" • expr

    identsym   shift, and go to state 51
    numbersym  shift, and go to state 52
    "-"        shift, and go to state 53
    "("        shift, and go to state 54

    expr    go to state 64
    term    go to state 60
    factor  go to state 61


State 32

   36 blockStmt: block •

    $default  reduce using rule 36 (blockStmt)


State 33

   15 procDecls: procDecls procDecl •

    $default  reduce using rule 15 (procDecls)


State 34

    2 block: "begin" constDecls varDecls procDecls stmts • "end"

    "end"  shift, and go to state 65


State 35

   17 stmts: empty •

    $default  reduce using rule 17 (stmts)


State 36

   18 stmts: stmtList •
   21 stmtList: stmtList • ";" stmt

    ";"  shift, and go to state 66

    $default  reduce using rule 18 (stmts)


State 37

   20 stmtList: stmt •

    $default  reduce using rule 20 (stmtList)


State 38

   22 stmt: assignStmt •

    $default  reduce using rule 22 (stmt)


State 39

   23 stmt: callStmt •

    $default  reduce using rule 23 (stmt)


State 40

   24 stmt: ifStmt •

    $default  reduce using rule 24 (stmt)


State 41

   25 stmt: whileStmt •

    $default  reduce using rule 25 (stmt)


State 42

   26 stmt: readStmt •

    $default  reduce using rule 26 (stmt)


State 43

   27 stmt: printStmt •

    $default  reduce using rule 27 (stmt)


State 44

   28 stmt: blockStmt •

    $default  reduce using rule 28 (stmt)


State 45

    8 constDef: identsym "=" numbersym •

    $default  reduce using rule 8 (constDef)


State 46

    7 constDefList: constDefList "," constDef •

    $default  reduce using rule 7 (constDefList)


State 47

   13 identList: identList "," • identsym

    identsym  shift, and go to state 67


State 48

   29 assignStmt: identsym ":=" • expr

    identsym   shift, and go to state 51
    numbersym  shift, and go to state 52
    "-"        shift, and go to state 53
    "("        shift, and go to state 54

    expr    go to state 68
    term    go to state 60
    factor  go to state 61


State 49

   16 procDecl: "proc" identsym • block ";"

    "begin"  shift, and go to state 1

    block  go to state 69


State 50

   30 callStmt: "call" identsym •

    $default  reduce using rule 30 (callStmt)


State 51

   53 factor: identsym •

    $default  reduce using rule 53 (factor)


State 52

   54 factor: numbersym •

    $default  reduce using rule 54 (factor)


State 53

   55 factor: "-" • factor

    identsym   shift, and go to state 51
    numbersym  shift, and go to state 52
    "-"        shift, and go to state 53
    "("        shift, and go to state 54

    factor  go to state 70


State 54

   56 factor: "(" • expr ")"

    identsym   shift, and go to state 51
    numbersym  shift, and go to state 52
    "-"        shift, and go to state 53
    "("        shift, and go to state 54

    expr    go to state 71
    term    go to state 60
    factor  go to state 61


State 55

   39 dbCondition: "divisible" • expr "by" expr

    identsym   shift, and go to state 51
    numbersym  shift, and go to state 52
    "-"        shift, and go to state 53
    "("        shift, and go to state 54

    expr    go to state 72
    term    go to state 60
    factor  go to state 61


State 56

   31 ifStmt: "if" condition • "then" stmts "else" stmts "end"
   32       | "if" condition • "then" stmts "end"

    "then"  shift, and go to state 73


State 57

   37 condition: dbCondition •

    $default  reduce using rule 37 (condition)


State 58

   38 condition: relOpCondition •

    $default  reduce using rule 38 (condition)


State 59

   40 relOpCondition: expr • relOp expr
   48 expr: expr • "+" term
   49     | expr • "-" term

    "+"   shift, and go to state 74
    "-"   shift, and go to state 75
    "=="  shift, and go to state 76
    "!="  shift, and go to state 77
    "<"   shift, and go to state 78
    "<="  shift, and go to state 79
    ">"   shift, and go to state 80
    ">="  shift, and go to state 81

    relOp  go to state 82


State 60

   47 expr: term •
   51 term: term • "*" factor
   52     | term • "/" factor

    "*"  shift, and go to state 83
    "/"  shift, and go to state 84

    $default  reduce using rule 47 (expr)


State 61

   50 term: factor •

    $default  reduce using rule 50 (term)


State 62

   33 whileStmt: "while" condition • "do" stmts "end"

    "do"  shift, and go to state 85


State 63

   34 readStmt: "read" identsym •

    $default  reduce using rule 34 (readStmt)


State 64

   35 printStmt: "print" expr •
   48 expr: expr • "+" term
   49     | expr • "-" term

    "+"  shift, and go to state 74
    "-"  shift, and go to state 75

    $default  reduce using rule 35 (printStmt)


State 65

    2 block: "begin" constDecls varDecls procDecls stmts "end" •

    $default  reduce using rule 2 (block)


State 66

   21 stmtList: stmtList ";" • stmt

    identsym  shift, and go to state 25
    "call"    shift, and go to state 27
    "begin"   shift, and go to state 1
    "if"      shift, and go to state 28
    "while"   shift, and go to state 29
    "read"    shift, and go to state 30
    "print"   shift, and go to state 31

    block       go to state 32
    stmt        go to state 86
    assignStmt  go to state 38
    callStmt    go to state 39
    ifStmt      go to state 40
    whileStmt   go to state 41
    readStmt    go to state 42
    printStmt   go to state 43
    blockStmt   go to state 44


State 67

   13 identList: identList "," identsym •

    $default  reduce using rule 13 (identList)


State 68

   29 assignStmt: identsym ":=" expr •
   48 expr: expr • "+" term
   49     | expr • "-" term

    "+"  shift, and go to state 74
    "-"  shift, and go to state 75

    $default  reduce using rule 29 (assignStmt)


State 69

   16 procDecl: "proc" identsym block • ";"

    ";"  shift, and go to state 87


State 70

   55 factor: "-" factor •

    $default  reduce using rule 55 (factor)


State 71

   48 expr: expr • "+" term
   49     | expr • "-" term
   56 factor: "(" expr • ")"

    "+"  shift, and go to state 74
    "-"  shift, and go to state 75
    ")"  shift, and go to state 88


State 72

   39 dbCondition: "divisible" expr • "by" expr
   48 expr: expr • "+" term
   49     | expr • "-" term

    "+"   shift, and go to state 74
    "-"   shift, and go to state 75
    "by"  shift, and go to state 89


State 73

   31 ifStmt: "if" condition "then" • stmts "else" stmts "end"
   32       | "if" condition "then" • stmts "end"

    identsym  shift, and go to state 25
    "call"    shift, and go to state 27
    "begin"   shift, and go to state 1
    "if"      shift, and go to state 28
    "while"   shift, and go to state 29
    "read"    shift, and go to state 30
    "print"   shift, and go to state 31

    $default  reduce using rule 19 (empty)

    block       go to state 32
    stmts       go to state 90
    empty       go to state 35
    stmtList    go to state 36
    stmt        go to state 37
    assignStmt  go to state 38
    callStmt    go to state 39
    ifStmt      go to state 40
    whileStmt   go to state 41
    readStmt    go to state 42
    printStmt   go to state 43
    blockStmt   go to state 44


State 74

   48 expr: expr "+" • term

    identsym   shift, and go to state 51
    numbersym  shift, and go to state 52
    "-"        shift, and go to state 53
    "("        shift, and go to state 54

    term    go to state 91
    factor  go to state 61


State 75

   49 expr: expr "-" • term

    identsym   shift, and go to state 51
    numbersym  shift, and go to state 52
    "-"        shift, and go to state 53
    "("        shift, and go to state 54

    term    go to state 92
    factor  go to state 61


State 76

   41 relOp: "==" •

    $default  reduce using rule 41 (relOp)


State 77

   42 relOp: "!=" •

    $default  reduce using rule 42 (relOp)


State 78

   45 relOp: "<" •

    $default  reduce using rule 45 (relOp)


State 79

   46 relOp: "<=" •

    $default  reduce using rule 46 (relOp)


State 80

   43 relOp: ">" •

    $default  reduce using rule 43 (relOp)


State 81

   44 relOp: ">=" •

    $default  reduce using rule 44 (relOp)


State 82

   40 relOpCondition: expr relOp • expr

    identsym   shift, and go to state 51
    numbersym  shift, and go to state 52
    "-"        shift, and go to state 53
    "("        shift, and go to state 54

    expr    go to state 93
    term    go to state 60
    factor  go to state 61


State 83

   51 term: term "*" • factor

    identsym   shift, and go to state 51
    numbersym  shift, and go to state 52
    "-"        shift, and go to state 53
    "("        shift, and go to state 54

    factor  go to state 94


State 84

   52 term: term "/" • factor

    identsym   shift, and go to state 51
    numbersym  shift, and go to state 52
    "-"        shift, and go to state 53
    "("        shift, and go to state 54

    factor  go to state 95


State 85

   33 whileStmt: "while" condition "do" • stmts "end"

    identsym  shift, and go to state 25
    "call"    shift, and go to state 27
    "begin"   shift, and go to state 1
    "if"      shift, and go to state 28
    "while"   shift, and go to state 29
    "read"    shift, and go to state 30
    "print"   shift, and go to state 31

    $default  reduce using rule 19 (empty)

    block       go to state 32
    stmts       go to state 96
    empty       go to state 35
    stmtList    go to state 36
    stmt        go to state 37
    assignStmt  go to state 38
    callStmt    go to state 39
    ifStmt      go to state 40
    whileStmt   go to state 41
    readStmt    go to state 42
    printStmt   go to state 43
    blockStmt   go to state 44


State 86

   21 stmtList: stmtList ";" stmt •

    $default  reduce using rule 21 (stmtList)


State 87

   16 procDecl: "proc" identsym block ";" •

    $default  reduce using rule 16 (procDecl)


State 88

   56 factor: "(" expr ")" •

    $default  reduce using rule 56 (factor)


State 89

   39 dbCondition: "divisible" expr "by" • expr

    identsym   shift, and go to state 51
    numbersym  shift, and go to state 52
    "-"        shift, and go to state 53
    "("        shift, and go to state 54

    expr    go to state 97
    term    go to state 60
    factor  go to state 61


State 90

   31 ifStmt: "if" condition "then" stmts • "else" stmts "end"
   32       | "if" condition "then" stmts • "end"

    "end"   shift, and go to state 98
    "else"  shift, and go to state 99


State 91

   48 expr: expr "+" term •
   51 term: term • "*" factor
   52     | term • "/" factor

    "*"  shift, and go to state 83
    "/"  shift, and go to state 84

    $default  reduce using rule 48 (expr)


State 92

   49 expr: expr "-" term •
   51 term: term • "*" factor
   52     | term • "/" factor

    "*"  shift, and go to state 83
    "/"  shift, and go to state 84

    $default  reduce using rule 49 (expr)


State 93

   40 relOpCondition: expr relOp expr •
   48 expr: expr • "+" term
   49     | expr • "-" term

    "+"  shift, and go to state 74
    "-"  shift, and go to state 75

    $default  reduce using rule 40 (relOpCondition)


State 94

   51 term: term "*" factor •

    $default  reduce using rule 51 (term)


State 95

   52 term: term "/" factor •

    $default  reduce using rule 52 (term)


State 96

   33 whileStmt: "while" condition "do" stmts • "end"

    "end"  shift, and go to state 100


State 97

   39 dbCondition: "divisible" expr "by" expr •
   48 expr: expr • "+" term
   49     | expr • "-" term

    "+"  shift, and go to state 74
    "-"  shift, and go to state 75

    $default  reduce using rule 39 (dbCondition)


State 98

   32 ifStmt: "if" condition "then" stmts "end" •

    $default  reduce using rule 32 (ifStmt)


State 99

   31 ifStmt: "if" condition "then" stmts "else" • stmts "end"

    identsym  shift, and go to state 25
    "call"    shift, and go to state 27
    "begin"   shift, and go to state 1
    "if"      shift, and go to state 28
    "while"   shift, and go to state 29
    "read"    shift, and go to state 30
    "print"   shift, and go to state 31

    $default  reduce using rule 19 (empty)

    block       go to state 32
    stmts       go to state 101
    empty       go to state 35
    stmtList    go to state 36
    stmt        go to state 37
    assignStmt  go to state 38
    callStmt    go to state 39
    ifStmt      go to state 40
    whileStmt   go to state 41
    readStmt    go to state 42
    printStmt   go to state 43
    blockStmt   go to state 44


State 100

   33 whileStmt: "while" condition "do" stmts "end" •

    $default  reduce using rule 33 (whileStmt)


State 101

   31 ifStmt: "if" condition "then" stmts "else" stmts • "end"

    "end"  shift, and go to state 102


State 102

   31 ifStmt: "if" condition "then" stmts "else" stmts "end" •

    $default  reduce using rule 31 (ifStmt)
